** Drc report for Final_Project.kicad_pcb **
** Created on 2026-05-28T22:30:46 **
** Report includes: Errors, Warnings **

** Found 14 DRC violations **
[clearance]: Clearance violation ( clearance 0.2000 mm; actual 0.1500 mm)
    Local override; error
    @(72.2750 mm, 69.7750 mm): Pad 1 [+3.3V] of U1 on F.Cu
    @(72.2750 mm, 70.2750 mm): Pad 2 [unconnected-(U1-NC-Pad2)] of U1 on F.Cu
[clearance]: Clearance violation ( clearance 0.2000 mm; actual 0.1500 mm)
    Local override; error
    @(72.2750 mm, 70.2750 mm): Pad 2 [unconnected-(U1-NC-Pad2)] of U1 on F.Cu
    @(72.2750 mm, 70.7750 mm): Pad 3 [unconnected-(U1-NC-Pad3)] of U1 on F.Cu
[clearance]: Clearance violation ( clearance 0.2000 mm; actual 0.1500 mm)
    Local override; error
    @(72.2750 mm, 70.7750 mm): Pad 3 [unconnected-(U1-NC-Pad3)] of U1 on F.Cu
    @(72.2750 mm, 71.2750 mm): Pad 4 [Net-(J1-Pin_4)] of U1 on F.Cu
[clearance]: Clearance violation ( clearance 0.2000 mm; actual 0.1500 mm)
    Local override; error
    @(72.2750 mm, 71.2750 mm): Pad 4 [Net-(J1-Pin_4)] of U1 on F.Cu
    @(72.2750 mm, 71.7750 mm): Pad 5 [GND] of U1 on F.Cu
[clearance]: Clearance violation ( clearance 0.2000 mm; actual 0.1500 mm)
    Local override; error
    @(73.0000 mm, 72.0000 mm): Pad 6 [Net-(J1-Pin_3)] of U1 on F.Cu
    @(73.5000 mm, 72.0000 mm): Pad 7 [Net-(U1-SDO)] of U1 on F.Cu
[clearance]: Clearance violation ( clearance 0.2000 mm; actual 0.1500 mm)
    Local override; error
    @(73.5000 mm, 72.0000 mm): Pad 7 [Net-(U1-SDO)] of U1 on F.Cu
    @(74.0000 mm, 72.0000 mm): Pad 8 [+3.3V] of U1 on F.Cu
[clearance]: Clearance violation ( clearance 0.2000 mm; actual 0.1500 mm)
    Local override; error
    @(74.7250 mm, 71.7750 mm): Pad 9 [Net-(J1-Pin_6)] of U1 on F.Cu
    @(74.7250 mm, 71.2750 mm): Pad 10 [GND] of U1 on F.Cu
[clearance]: Clearance violation ( clearance 0.2000 mm; actual 0.1500 mm)
    Local override; error
    @(74.7250 mm, 71.2750 mm): Pad 10 [GND] of U1 on F.Cu
    @(74.7250 mm, 70.7750 mm): Pad 11 [Net-(J1-Pin_5)] of U1 on F.Cu
[clearance]: Clearance violation ( clearance 0.2000 mm; actual 0.1500 mm)
    Local override; error
    @(74.7250 mm, 70.7750 mm): Pad 11 [Net-(J1-Pin_5)] of U1 on F.Cu
    @(74.7250 mm, 70.2750 mm): Pad 12 [GND] of U1 on F.Cu
[clearance]: Clearance violation ( clearance 0.2000 mm; actual 0.1500 mm)
    Local override; error
    @(74.7250 mm, 70.2750 mm): Pad 12 [GND] of U1 on F.Cu
    @(74.7250 mm, 69.7750 mm): Pad 13 [unconnected-(U1-ADC3-Pad13)] of U1 on F.Cu
[clearance]: Clearance violation ( clearance 0.2000 mm; actual 0.1500 mm)
    Local override; error
    @(74.0000 mm, 69.5500 mm): Pad 14 [unconnected-(U1-VDD-Pad14)] of U1 on F.Cu
    @(73.5000 mm, 69.5500 mm): Pad 15 [unconnected-(U1-ADC2-Pad15)] of U1 on F.Cu
[clearance]: Clearance violation ( clearance 0.2000 mm; actual 0.1500 mm)
    Local override; error
    @(73.5000 mm, 69.5500 mm): Pad 15 [unconnected-(U1-ADC2-Pad15)] of U1 on F.Cu
    @(73.0000 mm, 69.5500 mm): Pad 16 [unconnected-(U1-ADC1-Pad16)] of U1 on F.Cu
[starved_thermal]: Thermal relief connection to zone incomplete (layer F.Cu; 1 spokes connected to isolated island)
    Local override; error
    @(59.0614 mm, 82.4412 mm): Zone [GND] on F.Cu and B.Cu, priority 0
    @(64.0000 mm, 73.8100 mm): PTH pad 2 [GND] of J1
[text_thickness]: Text thickness out of range (TrueType font characters with insufficient stroke weight)
    Rule: board setup constraints silk text thickness; warning
    @(61.7220 mm, 61.9760 mm): PCB text '3V3
GND
SDA
SCL
INT1
INT2' on F.Silkscreen

** Found 0 unconnected pads **

** Found 0 Footprint errors **

** Ignored checks **
    - Footprint has no courtyard defined
    - Track endpoint not centered on via
    - Tuning profile track geometries
    - Footprint doesn't match symbol's footprint filters
    - Footprint component type doesn't match footprint pads

** End of Report **
